// Jest Snapshot v1, https://goo.gl/fbAQLP

exports[`AcceptAnswer component Test that the AcceptAnswer displays 1`] = `<div />`;
