// Jest Snapshot v1, https://goo.gl/fbAQLP

exports[`Test that the button displays 1`] = `
<button
  className="btn primary"
  value="My Component"
/>
`;
