// Jest Snapshot v1, https://goo.gl/fbAQLP

exports[`Test that the CommentDisp displays 1`] = `
<p
  className="comment-display"
>
  <small>
    Jonzing
    <span
      className="right"
    >
      <a
        className="inherit"
        href="/users/4"
        onClick={[Function]}
      >
        <b>
          teddy01
        </b>
      </a>
      (
      Wed Nov 21 2018
      )
    </span>
  </small>
</p>
`;
