// Jest Snapshot v1, https://goo.gl/fbAQLP

exports[`Test that the Footer displays 1`] = `
<footer
  className="home center"
>
  <p
    className="sitemap"
  >
    <small>
      Copyright 2018 Theo Okafor
      <a
        className="inherit"
        href="https://en.wikipedia.org/wiki/ISC_license"
      >
        (ISC License)
      </a>
    </small>
  </p>
  <p>
    <small>
      Created as part of Andela Developer Challenge
    </small>
  </p>
</footer>
`;
