// Jest Snapshot v1, https://goo.gl/fbAQLP

exports[`Test that the Logo displays 1`] = `
<div
  className="logo"
>
  <a
    href=""
  >
    <p
      className="home"
    >
      StackOverflow
      <small>
        -lite
      </small>
    </p>
  </a>
</div>
`;
