// Jest Snapshot v1, https://goo.gl/fbAQLP

exports[`Test that the Question displays 1`] = `
<div
  className="question"
>
  <h1>
    How can one learn it all so fast?
  </h1>
  <p
    className="question-desc"
  >
    Lorem ipsum dolor sit amet, 
  </p>
</div>
`;
