// Jest Snapshot v1, https://goo.gl/fbAQLP

exports[`Test that the Signup Main component displays 1`] = `
<div
  className="main row-container"
>
  <div
    className="sd-margin-12 d-margin-6 margin-top-20 site-desc"
  >
    <h1
      className="heading center"
    >
      Welcome back to Stack Overflow
      <small>
        -lite
      </small>
    </h1>
    <p>
      This is a platform where you can ask
      <span>
        questions
      </span>
       and provide 
      <span>
        answers
      </span>
      .
    </p>
  </div>
  <div
    className="sd-margin-12 d-margin-6"
  >
    <div
      className="sign-card"
    >
      <form
        className="signup-form"
        onSubmit={[Function]}
      >
        <p>
          <small>
            Don't have an account?
          </small>
          <a
            className="inherit"
            href="/signup"
          >
            <b>
               Sign up
            </b>
          </a>
        </p>
        <p
          className="signup-error "
        >
          
        </p>
        <div
          className="form-item"
        >
          <label
            htmlFor="email"
          >
            Email
          </label>
          <input
            data-testid="signin-email"
            name="email"
            onInput={[Function]}
            placeholder="Email"
            required={true}
            type="text"
          />
        </div>
        <div
          className="form-item"
        >
          <label
            htmlFor="password"
          >
            Password
          </label>
          <input
            data-testid="signin-password"
            id="password"
            name="password"
            onInput={[Function]}
            placeholder="Password"
            required={true}
            type="password"
          />
        </div>
        <button
          className="btn primary"
          data-testid="signinBtn"
          id="sign-in"
        >
          Sign in
        </button>
      </form>
    </div>
  </div>
  <div
    className="clear-fix"
  />
</div>
`;
